******************************************************************************
                  TI ARM Linker PC v20.2.7                     
******************************************************************************
>> Linked Fri May  1 19:58:38 2026

OUTPUT FILE NAME:   <project.out>
ENTRY POINT SYMBOL: "_c_int00_noargs"  address: 00002b39


MEMORY CONFIGURATION

         name            origin    length      used     unused   attr    fill
----------------------  --------  ---------  --------  --------  ----  --------
  FLASH                 00000000   00040000  00003214  0003cdec  R  X
  SRAM                  20000000   00008000  0000046d  00007b93  RW X


SEGMENT ALLOCATION MAP

run origin  load origin   length   init length attrs members
----------  ----------- ---------- ----------- ----- -------
00000000    00000000    00003218   00003218    r-x
  00000000    00000000    0000026c   0000026c    r-- .intvecs
  0000026c    0000026c    00002970   00002970    r-x .text
  00002bdc    00002bdc    00000608   00000608    r-- .const
  000031e8    000031e8    00000030   00000030    r-- .cinit
20000000    20000000    00000470   00000000    rw-
  20000000    20000000    0000026c   00000000    rw- .vtable
  2000026c    2000026c    00000001   00000000    rw- .data
  20000270    20000270    00000200   00000000    rw- .stack


SECTION ALLOCATION MAP

 output                                  attributes/
section   page    origin      length       input sections
--------  ----  ----------  ----------   ----------------
.intvecs   0    00000000    0000026c     
                  00000000    0000026c     tm4c123gh6pm_startup_ccs.obj (.intvecs)

.text      0    0000026c    00002970     
                  0000026c    00000f80     sysctl.obj (.text)
                  000011ec    00000c14     gpio.obj (.text)
                  00001e00    0000062e     uart.obj (.text)
                  0000242e    00000002     --HOLE-- [fill = 0]
                  00002430    000003c0     interrupt.obj (.text)
                  000027f0    00000200     main.obj (.text)
                  000029f0    0000009c     rtsv7M4_T_le_v4SPD16_eabi.lib : memcpy_t2.asm.obj (.text)
                  00002a8c    00000068                                   : copy_decompress_lzss.c.obj (.text:decompress:lzss:__TI_decompress_lzss)
                  00002af4    00000044                                   : autoinit.c.obj (.text:__TI_auto_init_nobinit_nopinit:__TI_auto_init_nobinit_nopinit)
                  00002b38    00000034                                   : boot_cortex_m.c.obj (.text:_c_int00_noargs:_c_int00_noargs)
                  00002b6c    0000001c                                   : copy_zero_init.c.obj (.text:decompress:ZI:__TI_zero_init_nomemset:__TI_zero_init_nomemset)
                  00002b88    0000000e                                   : copy_decompress_none.c.obj (.text:decompress:none:__TI_decompress_none)
                  00002b96    0000000c     driverlib.lib : cpu.obj (.text:CPUcpsid)
                  00002ba2    0000000c                   : cpu.obj (.text:CPUcpsie)
                  00002bae    0000000c     tm4c123gh6pm_startup_ccs.obj (.text)
                  00002bba    0000000a     driverlib.lib : cpu.obj (.text:CPUbasepriGet)
                  00002bc4    00000006                   : cpu.obj (.text:CPUbasepriSet)
                  00002bca    00000006     sysctl.obj (.text:SysCtlDelay)
                  00002bd0    00000004     driverlib.lib : cpu.obj (.text:CPUwfi)
                  00002bd4    00000004     rtsv7M4_T_le_v4SPD16_eabi.lib : pre_init.c.obj (.text:_system_pre_init)
                  00002bd8    00000004                                   : exit.c.obj (.text:abort:abort)

.const     0    00002bdc    00000608     
                  00002bdc    000001b0     sysctl.obj (.const:g_pppui32XTALtoVCO)
                  00002d8c    000000d8     gpio.obj (.const:g_ppui32GPIOIntMapSnowflake)
                  00002e64    000000c0     gpio.obj (.const:g_ppui32GPIOIntMapBlizzard)
                  00002f24    0000009c     interrupt.obj (.const:g_pui32Regs)
                  00002fc0    00000090     gpio.obj (.const:g_pui32GPIOBaseAddrs)
                  00003050    0000006c     sysctl.obj (.const:g_pui32Xtals)
                  000030bc    00000040     uart.obj (.const:g_ppui32UARTIntMap)
                  000030fc    00000040     uart.obj (.const:g_ppui32UARTIntMapSnowflake)
                  0000313c    00000030     sysctl.obj (.const:g_sXTALtoMEMTIM)
                  0000316c    00000020     interrupt.obj (.const:g_pui32Priority)
                  0000318c    00000014     interrupt.obj (.const:g_pui32Dii16Regs)
                  000031a0    00000014     interrupt.obj (.const:g_pui32EnRegs)
                  000031b4    00000014     interrupt.obj (.const:g_pui32PendRegs)
                  000031c8    00000014     interrupt.obj (.const:g_pui32UnpendRegs)
                  000031dc    00000008     sysctl.obj (.const:g_pui32VCOFrequencies)

.cinit     0    000031e8    00000030     
                  000031e8    0000000c     (__TI_handler_table)
                  000031f4    00000004     --HOLE-- [fill = 0]
                  000031f8    00000008     (.cinit..vtable.load) [load image, compression = zero_init]
                  00003200    00000005     (.cinit..data.load) [load image, compression = lzss]
                  00003205    00000003     --HOLE-- [fill = 0]
                  00003208    00000010     (__TI_cinit_table)

.init_array 
*          0    00000000    00000000     UNINITIALIZED

.vtable    0    20000000    0000026c     UNINITIALIZED
                  20000000    0000026c     interrupt.obj (.vtable)

.data      0    2000026c    00000001     UNINITIALIZED
                  2000026c    00000001     main.obj (.data)

.stack     0    20000270    00000200     UNINITIALIZED
                  20000270    00000004     rtsv7M4_T_le_v4SPD16_eabi.lib : boot_cortex_m.c.obj (.stack)
                  20000274    000001fc     --HOLE--

__llvm_prf_cnts 
*          0    20000000    00000000     UNINITIALIZED

MODULE SUMMARY

       Module                         code    ro data   rw data
       ------                         ----    -------   -------
    .\
       sysctl.obj                     3974    596       0      
       gpio.obj                       3092    552       0      
       interrupt.obj                  960     268       620    
       uart.obj                       1582    128       0      
       tm4c123gh6pm_startup_ccs.obj   12      620       0      
       main.obj                       512     0         1      
    +--+------------------------------+-------+---------+---------+
       Total:                         10132   2164      621    
                                                               
    ../driverlib.lib
       cpu.obj                        44      0         0      
    +--+------------------------------+-------+---------+---------+
       Total:                         44      0         0      
                                                               
    C:\ti\ccs1281\ccs\tools\compiler\ti-cgt-arm_20.2.7.LTS\lib\rtsv7M4_T_le_v4SPD16_eabi.lib
       memcpy_t2.asm.obj              156     0         0      
       copy_decompress_lzss.c.obj     104     0         0      
       autoinit.c.obj                 68      0         0      
       boot_cortex_m.c.obj            52      0         0      
       copy_zero_init.c.obj           28      0         0      
       copy_decompress_none.c.obj     14      0         0      
       exit.c.obj                     4       0         0      
       pre_init.c.obj                 4       0         0      
    +--+------------------------------+-------+---------+---------+
       Total:                         430     0         0      
                                                               
       Stack:                         0       0         512    
       Linker Generated:              0       41        0      
    +--+------------------------------+-------+---------+---------+
       Grand Total:                   10606   2205      1133   


LINKER GENERATED COPY TABLES

__TI_cinit_table @ 00003208 records: 2, size/record: 8, table size: 16
	.vtable: load addr=000031f8, load size=00000008 bytes, run addr=20000000, run size=0000026c bytes, compression=zero_init
	.data: load addr=00003200, load size=00000005 bytes, run addr=2000026c, run size=00000001 bytes, compression=lzss


LINKER GENERATED HANDLER TABLE

__TI_handler_table @ 000031e8 records: 3, size/record: 4, table size: 12
	index: 0, handler: __TI_zero_init
	index: 1, handler: __TI_decompress_lzss
	index: 2, handler: __TI_decompress_none


GLOBAL SYMBOLS: SORTED ALPHABETICALLY BY Name 

address   name                            
-------   ----                            
00002bd9  C$$EXIT                         
00002bbb  CPUbasepriGet                   
00002bc5  CPUbasepriSet                   
00002b97  CPUcpsid                        
00002ba3  CPUcpsie                        
00002bd1  CPUwfi                          
00001db1  GPIOADCTriggerDisable           
00001d93  GPIOADCTriggerEnable            
00001d75  GPIODMATriggerDisable           
00001d57  GPIODMATriggerEnable            
000012a7  GPIODirModeGet                  
0000124b  GPIODirModeSet                  
00001861  GPIOIntClear                    
00001825  GPIOIntDisable                  
00001801  GPIOIntEnable                   
00001875  GPIOIntRegister                 
000018ad  GPIOIntRegisterPin              
0000183f  GPIOIntStatus                   
00001397  GPIOIntTypeGet                  
000012f3  GPIOIntTypeSet                  
00001893  GPIOIntUnregister               
000018db  GPIOIntUnregisterPin            
0000168f  GPIOPadConfigGet                
00001421  GPIOPadConfigSet                
00001cf9  GPIOPinConfigure                
000018ff  GPIOPinRead                     
00001937  GPIOPinTypeADC                  
0000195b  GPIOPinTypeCAN                  
0000197f  GPIOPinTypeComparator           
000019a3  GPIOPinTypeComparatorOutput     
000019c7  GPIOPinTypeDIVSCLK              
000019eb  GPIOPinTypeEPI                  
00001a0f  GPIOPinTypeEthernetLED          
00001a33  GPIOPinTypeEthernetMII          
00001a57  GPIOPinTypeGPIOInput            
00001a7b  GPIOPinTypeGPIOOutput           
00001aa5  GPIOPinTypeGPIOOutputOD         
00001ac9  GPIOPinTypeHibernateRTCCLK      
00001aed  GPIOPinTypeI2C                  
00001b11  GPIOPinTypeI2CSCL               
00001b35  GPIOPinTypeLCD                  
00001b59  GPIOPinTypeOneWire              
00001b7d  GPIOPinTypePWM                  
00001ba1  GPIOPinTypeQEI                  
00001bc5  GPIOPinTypeSSI                  
00001be9  GPIOPinTypeTimer                
00001c0d  GPIOPinTypeTrace                
00001c31  GPIOPinTypeUART                 
00001c55  GPIOPinTypeUSBAnalog            
00001c79  GPIOPinTypeUSBDigital           
00001c9d  GPIOPinTypeWakeHigh             
00001cc3  GPIOPinTypeWakeLow              
00001ce9  GPIOPinWakeStatus               
00001917  GPIOPinWrite                    
00001dcf  GPIOUnlockPin                   
000025f1  IntDisable                      
0000257f  IntEnable                       
00002663  IntIsEnabled                    
00002443  IntMasterDisable                
00002433  IntMasterEnable                 
00002759  IntPendClear                    
000026e9  IntPendSet                      
0000255b  IntPriorityGet                  
000024d3  IntPriorityGroupingGet          
000024b9  IntPriorityGroupingSet          
000027b3  IntPriorityMaskGet              
000027a7  IntPriorityMaskSet              
0000250b  IntPrioritySet                  
00002453  IntRegister                     
000027bb  IntTrigger                      
000024a5  IntUnregister                   
000028d3  MotorBackward                   
000028c5  MotorForward                    
000028e1  MotorStop                       
000028fd  RelayOFF                        
000028ef  RelayON                         
00002baf  ResetISR                        
000011a9  SysCtlAltClkConfig              
000008d1  SysCtlClockFreqSet              
00000d99  SysCtlClockGet                  
0000118d  SysCtlClockOutConfig            
00000bc9  SysCtlClockSet                  
000007d5  SysCtlDeepSleep                 
00000f5d  SysCtlDeepSleepClockConfigSet   
00000f3f  SysCtlDeepSleepClockSet         
000007b5  SysCtlDeepSleepPowerSet         
00002bcb  SysCtlDelay                     
00000363  SysCtlFlashSectorSizeGet        
00000337  SysCtlFlashSizeGet              
00001033  SysCtlGPIOAHBDisable            
00001017  SysCtlGPIOAHBEnable             
00000749  SysCtlIntClear                  
00000731  SysCtlIntDisable                
0000071d  SysCtlIntEnable                 
000006f5  SysCtlIntRegister               
00000759  SysCtlIntStatus                 
0000070d  SysCtlIntUnregister             
0000079b  SysCtlLDODeepSleepGet           
0000078b  SysCtlLDODeepSleepSet           
00000785  SysCtlLDOSleepGet               
00000775  SysCtlLDOSleepSet               
0000080b  SysCtlMOSCConfigSet             
00001171  SysCtlNMIClear                  
0000115d  SysCtlNMIStatus                 
00000821  SysCtlPIOSCCalibrate            
00001001  SysCtlPWMClockGet               
00000fe7  SysCtlPWMClockSet               
000006a1  SysCtlPeripheralClockGating     
00000659  SysCtlPeripheralDeepSleepDisable
00000609  SysCtlPeripheralDeepSleepEnable 
00000545  SysCtlPeripheralDisable         
00000509  SysCtlPeripheralEnable          
00000445  SysCtlPeripheralPowerOff        
00000409  SysCtlPeripheralPowerOn         
00000389  SysCtlPeripheralPresent         
000003c9  SysCtlPeripheralReady           
00000481  SysCtlPeripheralReset           
000005cd  SysCtlPeripheralSleepDisable    
00000589  SysCtlPeripheralSleepEnable     
000007c5  SysCtlReset                     
00000881  SysCtlResetBehaviorGet          
00000871  SysCtlResetBehaviorSet          
000007f7  SysCtlResetCauseClear           
000007f1  SysCtlResetCauseGet             
0000032d  SysCtlSRAMSizeGet               
000007cd  SysCtlSleep                     
000007a1  SysCtlSleepPowerSet             
0000105b  SysCtlUSBPLLDisable             
0000104f  SysCtlUSBPLLEnable              
000010a1  SysCtlVCOGet                    
00001089  SysCtlVoltageEventClear         
0000106d  SysCtlVoltageEventConfig        
0000107d  SysCtlVoltageEventStatus        
0000288d  ToggleLED                       
0000290b  UART1IntHandler                 
000023d1  UART9BitAddrSend                
000023ab  UART9BitAddrSet                 
00002395  UART9BitDisable                 
0000237f  UART9BitEnable                  
00002223  UARTBreakCtl                    
0000224d  UARTBusy                        
000021cb  UARTCharGet                     
000021af  UARTCharGetNonBlocking          
00002205  UARTCharPut                     
000021e1  UARTCharPutNonBlocking          
00002173  UARTCharsAvail                  
0000236f  UARTClockSourceGet              
0000235b  UARTClockSourceSet              
00001f43  UARTConfigGetExpClk             
00001ecd  UARTConfigSetExpClk             
00002321  UARTDMADisable                  
00002309  UARTDMAEnable                   
00001fb3  UARTDisable                     
00002037  UARTDisableSIR                  
00001f8f  UARTEnable                      
00002009  UARTEnableSIR                   
00001ff3  UARTFIFODisable                 
00001fdd  UARTFIFOEnable                  
00001ea5  UARTFIFOLevelGet                
00001e8d  UARTFIFOLevelSet                
00002133  UARTFlowControlGet              
00002117  UARTFlowControlSet              
000022f7  UARTIntClear                    
000022c1  UARTIntDisable                  
000022a9  UARTIntEnable                   
0000226b  UARTIntRegister                 
000022d9  UARTIntStatus                   
00002289  UARTIntUnregister               
00002419  UARTLoopbackEnable              
000020cd  UARTModemControlClear           
000020f1  UARTModemControlGet             
00002095  UARTModemControlSet             
00002103  UARTModemStatusGet              
00001e7b  UARTParityModeGet               
00001e5f  UARTParityModeSet               
0000234b  UARTRxErrorClear                
00002339  UARTRxErrorGet                  
0000207f  UARTSmartCardDisable            
0000204d  UARTSmartCardEnable             
00002191  UARTSpaceAvail                  
00002161  UARTTxIntModeGet                
00002145  UARTTxIntModeSet                
20000470  __STACK_END                     
00000200  __STACK_SIZE                    
20000470  __STACK_TOP                     
00003208  __TI_CINIT_Base                 
00003218  __TI_CINIT_Limit                
000031e8  __TI_Handler_Table_Base         
000031f4  __TI_Handler_Table_Limit        
00002af5  __TI_auto_init_nobinit_nopinit  
00002a8d  __TI_decompress_lzss            
00002b89  __TI_decompress_none            
ffffffff  __TI_pprof_out_hndl             
ffffffff  __TI_prof_data_size             
ffffffff  __TI_prof_data_start            
00000000  __TI_static_base__              
00002b6d  __TI_zero_init_nomemset         
000029f1  __aeabi_memcpy                  
000029f1  __aeabi_memcpy4                 
000029f1  __aeabi_memcpy8                 
ffffffff  __binit__                       
ffffffff  __c_args__                      
UNDEFED   __mpu_init                      
20000270  __stack                         
20000000  __start___llvm_prf_cnts         
20000000  __stop___llvm_prf_cnts          
00002b39  _c_int00_noargs                 
UNDEFED   _system_post_cinit              
00002bd5  _system_pre_init                
00002bd9  abort                           
ffffffff  binit                           
2000026c  fanRunning                      
20000000  g_pfnRAMVectors                 
00000000  g_pfnVectors                    
000027f1  main                            
000029f1  memcpy                          


GLOBAL SYMBOLS: SORTED BY Symbol Address 

address   name                            
-------   ----                            
00000000  __TI_static_base__              
00000000  g_pfnVectors                    
00000200  __STACK_SIZE                    
0000032d  SysCtlSRAMSizeGet               
00000337  SysCtlFlashSizeGet              
00000363  SysCtlFlashSectorSizeGet        
00000389  SysCtlPeripheralPresent         
000003c9  SysCtlPeripheralReady           
00000409  SysCtlPeripheralPowerOn         
00000445  SysCtlPeripheralPowerOff        
00000481  SysCtlPeripheralReset           
00000509  SysCtlPeripheralEnable          
00000545  SysCtlPeripheralDisable         
00000589  SysCtlPeripheralSleepEnable     
000005cd  SysCtlPeripheralSleepDisable    
00000609  SysCtlPeripheralDeepSleepEnable 
00000659  SysCtlPeripheralDeepSleepDisable
000006a1  SysCtlPeripheralClockGating     
000006f5  SysCtlIntRegister               
0000070d  SysCtlIntUnregister             
0000071d  SysCtlIntEnable                 
00000731  SysCtlIntDisable                
00000749  SysCtlIntClear                  
00000759  SysCtlIntStatus                 
00000775  SysCtlLDOSleepSet               
00000785  SysCtlLDOSleepGet               
0000078b  SysCtlLDODeepSleepSet           
0000079b  SysCtlLDODeepSleepGet           
000007a1  SysCtlSleepPowerSet             
000007b5  SysCtlDeepSleepPowerSet         
000007c5  SysCtlReset                     
000007cd  SysCtlSleep                     
000007d5  SysCtlDeepSleep                 
000007f1  SysCtlResetCauseGet             
000007f7  SysCtlResetCauseClear           
0000080b  SysCtlMOSCConfigSet             
00000821  SysCtlPIOSCCalibrate            
00000871  SysCtlResetBehaviorSet          
00000881  SysCtlResetBehaviorGet          
000008d1  SysCtlClockFreqSet              
00000bc9  SysCtlClockSet                  
00000d99  SysCtlClockGet                  
00000f3f  SysCtlDeepSleepClockSet         
00000f5d  SysCtlDeepSleepClockConfigSet   
00000fe7  SysCtlPWMClockSet               
00001001  SysCtlPWMClockGet               
00001017  SysCtlGPIOAHBEnable             
00001033  SysCtlGPIOAHBDisable            
0000104f  SysCtlUSBPLLEnable              
0000105b  SysCtlUSBPLLDisable             
0000106d  SysCtlVoltageEventConfig        
0000107d  SysCtlVoltageEventStatus        
00001089  SysCtlVoltageEventClear         
000010a1  SysCtlVCOGet                    
0000115d  SysCtlNMIStatus                 
00001171  SysCtlNMIClear                  
0000118d  SysCtlClockOutConfig            
000011a9  SysCtlAltClkConfig              
0000124b  GPIODirModeSet                  
000012a7  GPIODirModeGet                  
000012f3  GPIOIntTypeSet                  
00001397  GPIOIntTypeGet                  
00001421  GPIOPadConfigSet                
0000168f  GPIOPadConfigGet                
00001801  GPIOIntEnable                   
00001825  GPIOIntDisable                  
0000183f  GPIOIntStatus                   
00001861  GPIOIntClear                    
00001875  GPIOIntRegister                 
00001893  GPIOIntUnregister               
000018ad  GPIOIntRegisterPin              
000018db  GPIOIntUnregisterPin            
000018ff  GPIOPinRead                     
00001917  GPIOPinWrite                    
00001937  GPIOPinTypeADC                  
0000195b  GPIOPinTypeCAN                  
0000197f  GPIOPinTypeComparator           
000019a3  GPIOPinTypeComparatorOutput     
000019c7  GPIOPinTypeDIVSCLK              
000019eb  GPIOPinTypeEPI                  
00001a0f  GPIOPinTypeEthernetLED          
00001a33  GPIOPinTypeEthernetMII          
00001a57  GPIOPinTypeGPIOInput            
00001a7b  GPIOPinTypeGPIOOutput           
00001aa5  GPIOPinTypeGPIOOutputOD         
00001ac9  GPIOPinTypeHibernateRTCCLK      
00001aed  GPIOPinTypeI2C                  
00001b11  GPIOPinTypeI2CSCL               
00001b35  GPIOPinTypeLCD                  
00001b59  GPIOPinTypeOneWire              
00001b7d  GPIOPinTypePWM                  
00001ba1  GPIOPinTypeQEI                  
00001bc5  GPIOPinTypeSSI                  
00001be9  GPIOPinTypeTimer                
00001c0d  GPIOPinTypeTrace                
00001c31  GPIOPinTypeUART                 
00001c55  GPIOPinTypeUSBAnalog            
00001c79  GPIOPinTypeUSBDigital           
00001c9d  GPIOPinTypeWakeHigh             
00001cc3  GPIOPinTypeWakeLow              
00001ce9  GPIOPinWakeStatus               
00001cf9  GPIOPinConfigure                
00001d57  GPIODMATriggerEnable            
00001d75  GPIODMATriggerDisable           
00001d93  GPIOADCTriggerEnable            
00001db1  GPIOADCTriggerDisable           
00001dcf  GPIOUnlockPin                   
00001e5f  UARTParityModeSet               
00001e7b  UARTParityModeGet               
00001e8d  UARTFIFOLevelSet                
00001ea5  UARTFIFOLevelGet                
00001ecd  UARTConfigSetExpClk             
00001f43  UARTConfigGetExpClk             
00001f8f  UARTEnable                      
00001fb3  UARTDisable                     
00001fdd  UARTFIFOEnable                  
00001ff3  UARTFIFODisable                 
00002009  UARTEnableSIR                   
00002037  UARTDisableSIR                  
0000204d  UARTSmartCardEnable             
0000207f  UARTSmartCardDisable            
00002095  UARTModemControlSet             
000020cd  UARTModemControlClear           
000020f1  UARTModemControlGet             
00002103  UARTModemStatusGet              
00002117  UARTFlowControlSet              
00002133  UARTFlowControlGet              
00002145  UARTTxIntModeSet                
00002161  UARTTxIntModeGet                
00002173  UARTCharsAvail                  
00002191  UARTSpaceAvail                  
000021af  UARTCharGetNonBlocking          
000021cb  UARTCharGet                     
000021e1  UARTCharPutNonBlocking          
00002205  UARTCharPut                     
00002223  UARTBreakCtl                    
0000224d  UARTBusy                        
0000226b  UARTIntRegister                 
00002289  UARTIntUnregister               
000022a9  UARTIntEnable                   
000022c1  UARTIntDisable                  
000022d9  UARTIntStatus                   
000022f7  UARTIntClear                    
00002309  UARTDMAEnable                   
00002321  UARTDMADisable                  
00002339  UARTRxErrorGet                  
0000234b  UARTRxErrorClear                
0000235b  UARTClockSourceSet              
0000236f  UARTClockSourceGet              
0000237f  UART9BitEnable                  
00002395  UART9BitDisable                 
000023ab  UART9BitAddrSet                 
000023d1  UART9BitAddrSend                
00002419  UARTLoopbackEnable              
00002433  IntMasterEnable                 
00002443  IntMasterDisable                
00002453  IntRegister                     
000024a5  IntUnregister                   
000024b9  IntPriorityGroupingSet          
000024d3  IntPriorityGroupingGet          
0000250b  IntPrioritySet                  
0000255b  IntPriorityGet                  
0000257f  IntEnable                       
000025f1  IntDisable                      
00002663  IntIsEnabled                    
000026e9  IntPendSet                      
00002759  IntPendClear                    
000027a7  IntPriorityMaskSet              
000027b3  IntPriorityMaskGet              
000027bb  IntTrigger                      
000027f1  main                            
0000288d  ToggleLED                       
000028c5  MotorForward                    
000028d3  MotorBackward                   
000028e1  MotorStop                       
000028ef  RelayON                         
000028fd  RelayOFF                        
0000290b  UART1IntHandler                 
000029f1  __aeabi_memcpy                  
000029f1  __aeabi_memcpy4                 
000029f1  __aeabi_memcpy8                 
000029f1  memcpy                          
00002a8d  __TI_decompress_lzss            
00002af5  __TI_auto_init_nobinit_nopinit  
00002b39  _c_int00_noargs                 
00002b6d  __TI_zero_init_nomemset         
00002b89  __TI_decompress_none            
00002b97  CPUcpsid                        
00002ba3  CPUcpsie                        
00002baf  ResetISR                        
00002bbb  CPUbasepriGet                   
00002bc5  CPUbasepriSet                   
00002bcb  SysCtlDelay                     
00002bd1  CPUwfi                          
00002bd5  _system_pre_init                
00002bd9  C$$EXIT                         
00002bd9  abort                           
000031e8  __TI_Handler_Table_Base         
000031f4  __TI_Handler_Table_Limit        
00003208  __TI_CINIT_Base                 
00003218  __TI_CINIT_Limit                
20000000  __start___llvm_prf_cnts         
20000000  __stop___llvm_prf_cnts          
20000000  g_pfnRAMVectors                 
2000026c  fanRunning                      
20000270  __stack                         
20000470  __STACK_END                     
20000470  __STACK_TOP                     
ffffffff  __TI_pprof_out_hndl             
ffffffff  __TI_prof_data_size             
ffffffff  __TI_prof_data_start            
ffffffff  __binit__                       
ffffffff  __c_args__                      
ffffffff  binit                           
UNDEFED   __mpu_init                      
UNDEFED   _system_post_cinit              

[216 symbols]
